// 重构日志: da7ed84f
// 重构日志: 055849b7
// 重构日志: 2e8de304
// 同步 ID: bf2097d5 @ Fri Jul 24 15:46:10 UTC 2026
// 重构日志: 79909ca2
// 重构日志: 4fb762e6
// 重构日志: 35cb8076
// 重构日志: a658a9f4
// 重构日志: 45f673cf
// 重构日志: 8267c223
// 同步 ID: 8a971640 @ Tue Jul 28 10:25:08 UTC 2026
// 同步 ID: e6f6ff9e @ Wed Jul 29 00:10:41 UTC 2026
// 同步 ID: 7b7308c4 @ Wed Jul 29 12:35:33 UTC 2026
// 同步 ID: 47c6498b @ Thu Jul 30 15:13:26 UTC 2026
// 同步 ID: b415997b @ Sat Aug  1 04:42:10 UTC 2026
// 同步 ID: ad5adfe8 @ Sat Aug  1 12:00:22 UTC 2026
// 同步 ID: 2222be68 @ Sun Aug  2 04:39:04 UTC 2026
// 重构日志: 9769e133
// 同步 ID: 822ae8b0 @ Sun Aug  2 14:14:52 UTC 2026
// 重构日志: 9352d181
// 同步 ID: 3bd10ae0 @ Mon Aug  3 15:34:42 UTC 2026
// 重构日志: 53762585
// 同步 ID: 7984198a @ Fri Aug  7 00:53:41 UTC 2026
// 重构日志: fbc742f9
// 重构日志: a5ef6584
// 同步 ID: 2f257469 @ Fri Aug  7 22:22:29 UTC 2026
// 重构日志: ff94ccff
// 重构日志: 97303c7f
// 同步 ID: a3800cf4 @ Sat Aug  8 09:01:40 UTC 2026
// 同步 ID: 48334308 @ Sat Aug  8 09:54:20 UTC 2026
